2026-10-05 13:50:57 | INFO | root | ======================================================================
2026-10-05 13:50:57 | INFO | root | 🚀 DhanHQ Trading Bot - Initializing...
2026-10-05 13:50:57 | INFO | root | ======================================================================
2026-10-05 13:50:57 | INFO | root | 1️⃣ Initializing DhanHQ Integration...
2026-10-05 13:50:57 | INFO | root |    ✅ DhanHQ Integration initialized
2026-10-05 13:50:57 | INFO | root | 2️⃣ Initializing Telegram Bridge...
2026-10-05 13:50:57 | INFO | root |    ✅ Telegram Bridge initialized
2026-10-05 13:50:57 | INFO | root | 3️⃣ Initializing Postback Handler...
2026-10-05 13:50:57 | INFO | root |    ✅ Postback Handler initialized
2026-10-05 13:50:57 | INFO | root | 4️⃣ Initializing Strategy Manager...
2026-10-05 13:50:57 | INFO | root |    ✅ Strategy Manager initialized
2026-10-05 13:50:57 | INFO | root | 5️⃣ Initializing Risk Manager...
2026-10-05 13:50:57 | INFO | root |    ✅ Risk Manager initialized
2026-10-05 13:50:57 | INFO | root | 6️⃣ Initializing Order Executor...
2026-10-05 13:50:57 | INFO | root |    ✅ Order Executor initialized
2026-10-05 13:50:57 | INFO | root | 7️⃣ Initializing Signal Queue Processor...
2026-10-05 13:50:57 | INFO | root |    ✅ Signal Queue Processor initialized
2026-10-05 13:50:57 | INFO | root | 8️⃣ Initializing Trading Database...
2026-10-05 13:50:57 | INFO | root |    ✅ Trading Database initialized
2026-10-05 13:50:57 | INFO | root | 9️⃣ Initializing State Manager...
2026-10-05 13:50:57 | INFO | root |    ✅ State Manager initialized
2026-10-05 13:50:57 | INFO | root | 🔟 Initializing Monitoring + Alerts...
2026-10-05 13:50:57 | INFO | root |    ✅ Metrics Collector initialized
2026-10-05 13:50:57 | ERROR | telegram_handler | ❌ No default Telegram token found in environment
2026-10-05 13:50:57 | INFO | telegram_handler | ================================================================================
2026-10-05 13:50:57 | INFO | telegram_handler | 📱 TELEGRAM BOT CONFIGURATION
2026-10-05 13:50:57 | INFO | telegram_handler | ================================================================================
2026-10-05 13:50:57 | INFO | telegram_handler | ⚠️ (missing token) [TRADE_CONTROL] Channel: -1001234567894 | Trade approvals, execution updates + service alerts
2026-10-05 13:50:57 | INFO | telegram_handler | ✅ [SERVICE_ALERTS] Channel: -1002222222222 | Combined options screener alerts (stock/index/commodity)
2026-10-05 13:50:57 | INFO | telegram_handler | ================================================================================
2026-10-05 13:50:57 | WARNING | root |    ⚠️ Alert Manager initialized without delivery channels
2026-10-05 13:50:57 | INFO | root |    ✅ Queue consumer started
2026-10-05 13:50:57 | INFO | root |    ⚠️ Market scanner disabled
2026-10-05 13:50:57 | INFO | token_manager_auto | Dhan token renewal disabled: ACCESS_TOKEN or DHAN_CLIENT_ID missing
2026-10-05 13:50:57 | INFO | root |    ✅ Token renewal idle
2026-10-05 13:50:57 | INFO | root | ======================================================================
2026-10-05 13:50:57 | INFO | root | ✅ All components initialized successfully!
2026-10-05 13:50:57 | INFO | root | 🧪 Practice Mode: True
2026-10-05 13:50:57 | INFO | root | 🤖 Auto trading enabled: False
2026-10-05 13:50:57 | INFO | root | 📣 Channel keys configured: ['service_alerts']
2026-10-05 13:50:57 | INFO | root | 🗄️ Trading DB path: /home/runner/work/trading-bot/trading-bot/.paper-portfolio-test-data/tmpzavqqliw/trading.db
2026-10-05 13:50:57 | INFO | root | ======================================================================
2026-10-05 13:50:57 | INFO | root | ======================================================================
2026-10-05 13:50:57 | INFO | root | 🚀 DhanHQ Trading Bot - Initializing...
2026-10-05 13:50:57 | INFO | root | ======================================================================
2026-10-05 13:50:57 | INFO | root | 1️⃣ Initializing DhanHQ Integration...
2026-10-05 13:50:57 | INFO | root |    ✅ DhanHQ Integration initialized
2026-10-05 13:50:57 | INFO | root | 2️⃣ Initializing Telegram Bridge...
2026-10-05 13:50:57 | INFO | root |    ✅ Telegram Bridge initialized
2026-10-05 13:50:57 | INFO | root | 3️⃣ Initializing Postback Handler...
2026-10-05 13:50:57 | INFO | root |    ✅ Postback Handler initialized
2026-10-05 13:50:57 | INFO | root | 4️⃣ Initializing Strategy Manager...
2026-10-05 13:50:57 | INFO | root |    ✅ Strategy Manager initialized
2026-10-05 13:50:57 | INFO | root | 5️⃣ Initializing Risk Manager...
2026-10-05 13:50:57 | INFO | root |    ✅ Risk Manager initialized
2026-10-05 13:50:57 | INFO | root | 6️⃣ Initializing Order Executor...
2026-10-05 13:50:57 | INFO | root |    ✅ Order Executor initialized
2026-10-05 13:50:57 | INFO | root | 7️⃣ Initializing Signal Queue Processor...
2026-10-05 13:50:57 | INFO | root |    ✅ Signal Queue Processor initialized
2026-10-05 13:50:57 | INFO | root | 8️⃣ Initializing Trading Database...
2026-10-05 13:50:57 | INFO | root |    ✅ Trading Database initialized
2026-10-05 13:50:57 | INFO | root | 9️⃣ Initializing State Manager...
2026-10-05 13:50:57 | INFO | root |    ✅ State Manager initialized
2026-10-05 13:50:57 | INFO | root | 🔟 Initializing Monitoring + Alerts...
2026-10-05 13:50:57 | INFO | root |    ✅ Metrics Collector initialized
2026-10-05 13:50:57 | ERROR | telegram_handler | ❌ No default Telegram token found in environment
2026-10-05 13:50:57 | INFO | telegram_handler | ================================================================================
2026-10-05 13:50:57 | INFO | telegram_handler | 📱 TELEGRAM BOT CONFIGURATION
2026-10-05 13:50:57 | INFO | telegram_handler | ================================================================================
2026-10-05 13:50:57 | INFO | telegram_handler | ✅ [TRADE_CONTROL] Channel: -1001111111111 | Trade approvals, execution updates + service alerts
2026-10-05 13:50:57 | INFO | telegram_handler | ✅ [SERVICE_ALERTS] Channel: -1002222222222 | Combined options screener alerts (stock/index/commodity)
2026-10-05 13:50:57 | INFO | telegram_handler | ================================================================================
2026-10-05 13:50:57 | INFO | root |    ✅ Alert Manager initialized
2026-10-05 13:50:57 | INFO | root |    ✅ Queue consumer started
2026-10-05 13:50:57 | INFO | root |    ⚠️ Market scanner disabled
2026-10-05 13:50:57 | INFO | token_manager_auto | Dhan token renewal disabled: ACCESS_TOKEN or DHAN_CLIENT_ID missing
2026-10-05 13:50:57 | ERROR | paper_runtime | Paper Telegram poll failed: RuntimeError
2026-10-05 13:50:57 | INFO | root |    ✅ Token renewal idle
2026-10-05 13:50:57 | INFO | root | ======================================================================
2026-10-05 13:50:57 | INFO | root | ✅ All components initialized successfully!
2026-10-05 13:50:57 | INFO | root | 🧪 Practice Mode: True
2026-10-05 13:50:57 | INFO | root | 🤖 Auto trading enabled: False
2026-10-05 13:50:57 | INFO | root | 📣 Channel keys configured: ['trade_control', 'service_alerts']
2026-10-05 13:50:57 | INFO | root | 🗄️ Trading DB path: /home/runner/work/trading-bot/trading-bot/.paper-portfolio-test-data/tmpr0dzjahg/trading.db
2026-10-05 13:50:57 | INFO | root | ======================================================================
2026-10-05 13:50:57 | INFO | root | ======================================================================
2026-10-05 13:50:57 | INFO | root | 🚀 DhanHQ Trading Bot - Initializing...
2026-10-05 13:50:57 | INFO | root | ======================================================================
2026-10-05 13:50:57 | INFO | root | 1️⃣ Initializing DhanHQ Integration...
2026-10-05 13:50:57 | INFO | root |    ✅ DhanHQ Integration initialized
2026-10-05 13:50:57 | INFO | root | 2️⃣ Initializing Telegram Bridge...
2026-10-05 13:50:57 | INFO | root |    ✅ Telegram Bridge initialized
2026-10-05 13:50:57 | INFO | root | 3️⃣ Initializing Postback Handler...
2026-10-05 13:50:57 | INFO | root |    ✅ Postback Handler initialized
2026-10-05 13:50:57 | INFO | root | 4️⃣ Initializing Strategy Manager...
2026-10-05 13:50:57 | WARNING | root |    ⚠️ Strategy Manager module unavailable
2026-10-05 13:50:57 | INFO | root | 5️⃣ Initializing Risk Manager...
2026-10-05 13:50:57 | WARNING | root |    ⚠️ Risk Manager module unavailable
2026-10-05 13:50:57 | INFO | root | 6️⃣ Initializing Order Executor...
2026-10-05 13:50:57 | WARNING | root |    ⚠️ Order Executor module unavailable
2026-10-05 13:50:57 | INFO | root | 7️⃣ Initializing Signal Queue Processor...
2026-10-05 13:50:57 | WARNING | root |    ⚠️ Signal queue module unavailable
2026-10-05 13:50:57 | INFO | root | 8️⃣ Initializing Trading Database...
2026-10-05 13:50:57 | WARNING | root |    ⚠️ Trading database module unavailable
2026-10-05 13:50:57 | INFO | root | 9️⃣ Initializing State Manager...
2026-10-05 13:50:57 | INFO | root |    ✅ State Manager initialized
2026-10-05 13:50:57 | INFO | root | 🔟 Initializing Monitoring + Alerts...
2026-10-05 13:50:57 | WARNING | root |    ⚠️ Metrics collector module unavailable
2026-10-05 13:50:57 | ERROR | telegram_handler | ❌ No default Telegram token found in environment
2026-10-05 13:50:57 | INFO | telegram_handler | ================================================================================
2026-10-05 13:50:57 | INFO | telegram_handler | 📱 TELEGRAM BOT CONFIGURATION
2026-10-05 13:50:57 | INFO | telegram_handler | ================================================================================
2026-10-05 13:50:57 | INFO | telegram_handler | ⚠️ (missing token) [TRADE_CONTROL] Channel: -1001234567894 | Trade approvals, execution updates + service alerts
2026-10-05 13:50:57 | INFO | telegram_handler | ⚠️ (missing token) [SERVICE_ALERTS] Channel: -1001234567895 | Combined options screener alerts (stock/index/commodity)
2026-10-05 13:50:57 | INFO | telegram_handler | ================================================================================
2026-10-05 13:50:57 | WARNING | root |    ⚠️ Alert manager module unavailable
2026-10-05 13:50:57 | WARNING | root |    ⚠️ Queue consumer unavailable
2026-10-05 13:50:57 | WARNING | root |    ⚠️ Market scanner unavailable
2026-10-05 13:50:57 | INFO | token_manager_auto | Dhan token renewal disabled: ACCESS_TOKEN or DHAN_CLIENT_ID missing
2026-10-05 13:50:57 | INFO | root |    ✅ Token renewal idle
2026-10-05 13:50:57 | INFO | root | ======================================================================
2026-10-05 13:50:57 | INFO | root | ✅ All components initialized successfully!
2026-10-05 13:50:57 | INFO | root | 🧪 Practice Mode: True
2026-10-05 13:50:57 | INFO | root | 🤖 Auto trading enabled: False
2026-10-05 13:50:57 | INFO | root | 📣 Channel keys configured: []
2026-10-05 13:50:57 | INFO | root | 🗄️ Trading DB path: /home/runner/work/trading-bot/trading-bot/.paper-portfolio-test-data/tmpyjnpqy1j/trading.db
2026-10-05 13:50:57 | INFO | root | ======================================================================
2026-10-05 13:50:57 | ERROR | paper_runtime | Paper monitor failed: OperationalError
2026-10-05 13:50:57 | INFO | root | ======================================================================
2026-10-05 13:50:57 | INFO | root | 🚀 DhanHQ Trading Bot - Initializing...
2026-10-05 13:50:57 | INFO | root | ======================================================================
2026-10-05 13:50:57 | INFO | root | 1️⃣ Initializing DhanHQ Integration...
2026-10-05 13:50:57 | INFO | root |    ✅ DhanHQ Integration initialized
2026-10-05 13:50:57 | INFO | root | 2️⃣ Initializing Telegram Bridge...
2026-10-05 13:50:57 | INFO | root |    ✅ Telegram Bridge initialized
2026-10-05 13:50:57 | INFO | root | 3️⃣ Initializing Postback Handler...
2026-10-05 13:50:57 | INFO | root |    ✅ Postback Handler initialized
2026-10-05 13:50:57 | INFO | root | 4️⃣ Initializing Strategy Manager...
2026-10-05 13:50:57 | INFO | root |    ✅ Strategy Manager initialized
2026-10-05 13:50:57 | INFO | root | 5️⃣ Initializing Risk Manager...
2026-10-05 13:50:57 | INFO | root |    ✅ Risk Manager initialized
2026-10-05 13:50:57 | INFO | root | 6️⃣ Initializing Order Executor...
2026-10-05 13:50:57 | INFO | root |    ✅ Order Executor initialized
2026-10-05 13:50:57 | INFO | root | 7️⃣ Initializing Signal Queue Processor...
2026-10-05 13:50:57 | INFO | root |    ✅ Signal Queue Processor initialized
2026-10-05 13:50:57 | INFO | root | 8️⃣ Initializing Trading Database...
2026-10-05 13:50:57 | INFO | root |    ✅ Trading Database initialized
2026-10-05 13:50:57 | INFO | root | 9️⃣ Initializing State Manager...
2026-10-05 13:50:57 | INFO | root |    ✅ State Manager initialized
2026-10-05 13:50:57 | INFO | root | 🔟 Initializing Monitoring + Alerts...
2026-10-05 13:50:57 | INFO | root |    ✅ Metrics Collector initialized
2026-10-05 13:50:57 | ERROR | telegram_handler | ❌ No default Telegram token found in environment
2026-10-05 13:50:57 | INFO | telegram_handler | ================================================================================
2026-10-05 13:50:57 | INFO | telegram_handler | 📱 TELEGRAM BOT CONFIGURATION
2026-10-05 13:50:57 | INFO | telegram_handler | ================================================================================
2026-10-05 13:50:57 | INFO | telegram_handler | ⚠️ (missing token) [TRADE_CONTROL] Channel: -1001234567894 | Trade approvals, execution updates + service alerts
2026-10-05 13:50:57 | INFO | telegram_handler | ⚠️ (missing token) [SERVICE_ALERTS] Channel: -1001234567895 | Combined options screener alerts (stock/index/commodity)
2026-10-05 13:50:57 | INFO | telegram_handler | ================================================================================
2026-10-05 13:50:57 | WARNING | root |    ⚠️ Alert Manager initialized without delivery channels
2026-10-05 13:50:57 | INFO | root |    ✅ Queue consumer started
2026-10-05 13:50:57 | INFO | root |    ⚠️ Market scanner disabled
2026-10-05 13:50:57 | INFO | token_manager_auto | Dhan token renewal disabled: ACCESS_TOKEN or DHAN_CLIENT_ID missing
2026-10-05 13:50:57 | INFO | root |    ✅ Token renewal idle
2026-10-05 13:50:57 | INFO | root | ======================================================================
2026-10-05 13:50:57 | INFO | root | ✅ All components initialized successfully!
2026-10-05 13:50:57 | INFO | root | 🧪 Practice Mode: True
2026-10-05 13:50:57 | INFO | root | 🤖 Auto trading enabled: False
2026-10-05 13:50:57 | INFO | root | 📣 Channel keys configured: []
2026-10-05 13:50:57 | INFO | root | 🗄️ Trading DB path: /home/runner/work/trading-bot/trading-bot/.paper-portfolio-test-data/tmphaoouj5e/trading.db
2026-10-05 13:50:57 | INFO | root | ======================================================================
2026-10-05 13:50:57 | INFO | root | ✅ Application already initialized; duplicate initialization skipped
2026-10-05 13:50:57 | WARNING | telegram_handler | ❌ Channel config missing for trade_control
2026-10-05 13:50:57 | WARNING | runtime_services | Telegram delivery failed for channel trade_control
2026-10-05 13:50:58 | ERROR | paper_runtime | Paper monitor failed: OperationalError
2026-10-05 13:50:58 | ERROR | paper_runtime | Paper monitor failed: OperationalError
2026-10-05 13:50:58 | ERROR | paper_runtime | Paper monitor failed: OperationalError
2026-10-05 13:50:58 | ERROR | paper_runtime | Paper monitor failed: OperationalError
2026-10-05 13:50:58 | ERROR | paper_runtime | Paper Telegram poll failed: RuntimeError
2026-10-05 13:50:58 | ERROR | paper_runtime | Paper monitor failed: OperationalError
2026-10-05 13:50:58 | ERROR | paper_runtime | Paper monitor failed: OperationalError
2026-10-05 13:50:59 | ERROR | paper_runtime | Paper monitor failed: OperationalError
2026-10-05 13:50:59 | ERROR | paper_runtime | Paper monitor failed: OperationalError
2026-10-05 13:50:59 | ERROR | paper_runtime | Paper monitor failed: OperationalError
2026-10-05 13:50:59 | ERROR | paper_runtime | Paper monitor failed: OperationalError
2026-10-05 13:50:59 | ERROR | paper_runtime | Paper monitor failed: OperationalError
2026-10-05 13:50:59 | ERROR | paper_runtime | Paper Telegram poll failed: RuntimeError
2026-10-05 13:50:59 | ERROR | paper_runtime | Paper monitor failed: OperationalError
2026-10-05 13:50:59 | ERROR | paper_runtime | Paper monitor failed: OperationalError
2026-10-05 13:50:59 | ERROR | paper_runtime | Paper monitor failed: OperationalError
2026-10-05 13:51:00 | INFO | premium_strategy_engine | ✅ Premium Strategy Engine initialized (lookback=20)
2026-10-05 13:51:00 | INFO | premium_strategy_engine | 🚀 [NIFTY] CE BREAKOUT (candle) above RED HIGH 110.00 → 112.00
2026-10-05 13:51:00 | INFO | premium_strategy_engine | ✅ Premium Strategy Engine initialized (lookback=20)
2026-10-05 13:51:00 | ERROR | paper_runtime | Paper monitor failed: OperationalError
2026-10-05 13:51:00 | INFO | premium_strategy_engine | ✅ Premium Strategy Engine initialized (lookback=20)
2026-10-05 13:51:00 | INFO | premium_strategy_engine | ✅ Premium Strategy Engine initialized (lookback=20)
2026-10-05 13:51:00 | INFO | premium_strategy_engine | 🚀 [GOLD] CE BREAKOUT (candle) above RED HIGH 110.00 → 111.00
2026-10-05 13:51:00 | INFO | premium_strategy_engine | ✅ Premium Strategy Engine initialized (lookback=20)
2026-10-05 13:51:00 | INFO | premium_strategy_engine | ✅ Premium Strategy Engine initialized (lookback=20)
2026-10-05 13:51:00 | INFO | premium_strategy_engine | 🚀 [GOLD] PE BREAKOUT (live) above RED HIGH 110.00 → 110.05
2026-10-05 13:51:00 | INFO | premium_strategy_engine | ✅ Premium Strategy Engine initialized (lookback=20)
2026-10-05 13:51:00 | INFO | premium_strategy_engine | ✅ Premium Strategy Engine initialized (lookback=20)
2026-10-05 13:51:00 | INFO | premium_strategy_engine | ✅ Premium Strategy Engine initialized (lookback=20)
2026-10-05 13:51:00 | INFO | premium_strategy_engine | ✅ Premium Strategy Engine initialized (lookback=20)
2026-10-05 13:51:00 | ERROR | runtime_services | Queue consumer failed for 6a20e390f2e5409fa10dad64: RuntimeError
2026-10-05 13:51:00 | ERROR | paper_runtime | Paper monitor failed: OperationalError
2026-10-05 13:51:00 | WARNING | runtime_services | Telegram delivery failed for channel trade_control
2026-10-05 13:51:00 | INFO | runtime_services | Strategy category 'crypto' is disabled; alert not routed
2026-10-05 13:51:00 | INFO | runtime_services | Strategy category 'crypto' is disabled; alert not routed
2026-10-05 13:51:00 | INFO | runtime_services | Strategy category 'nifty50_intraday_5x' is disabled; alert not routed
2026-10-05 13:51:00 | INFO | runtime_services | Strategy category 'nifty50_5x' is disabled; alert not routed
2026-10-05 13:51:00 | INFO | runtime_services | Strategy category 'nifty50_pay_later' is disabled; alert not routed
2026-10-05 13:51:00 | INFO | runtime_services | Strategy category 'nifty50_paylater' is disabled; alert not routed
2026-10-05 13:51:00 | ERROR | telegram_handler | ❌ No default Telegram token found in environment
2026-10-05 13:51:00 | INFO | telegram_handler | ================================================================================
2026-10-05 13:51:00 | INFO | telegram_handler | 📱 TELEGRAM BOT CONFIGURATION
2026-10-05 13:51:00 | INFO | telegram_handler | ================================================================================
2026-10-05 13:51:00 | INFO | telegram_handler | ✅ [TRADE_CONTROL] Channel: -1001 | Trade approvals, execution updates + service alerts
2026-10-05 13:51:00 | INFO | telegram_handler | ✅ [SERVICE_ALERTS] Channel: -1002 | Combined options screener alerts (stock/index/commodity)
2026-10-05 13:51:00 | INFO | telegram_handler | ================================================================================
2026-10-05 13:51:00 | INFO | telegram_handler | ✅ Alert sent to trade_control
2026-10-05 13:51:00 | INFO | telegram_handler | ✅ Alert sent to service_alerts
2026-10-05 13:51:00 | WARNING | telegram_handler | ❌ Disabled channel type: crypto
2026-10-05 13:51:00 | WARNING | runtime_services | Telegram delivery failed for channel crypto
2026-10-05 13:51:00 | INFO | memory_diagnostics | 🧠 Memory [security master released (markets closed)]: RSS=81.6 MB
2026-10-05 13:51:00 | INFO | runtime_services | 😴 All exchanges closed (weekend/holiday/off-hours); scanner idle. Next session: 2026-10-05T09:00:00+05:30
2026-10-05 13:51:00 | INFO | runtime_services | 🔔 Exchange session open; market scanner active
2026-10-05 13:51:00 | INFO | premium_strategy_engine | ✅ Premium Strategy Engine initialized (lookback=20)
2026-10-05 13:51:00 | INFO | premium_strategy_engine | ✅ Premium Strategy Engine initialized (lookback=20)
2026-10-05 13:51:00 | INFO | premium_strategy_engine | ✅ Premium Strategy Engine initialized (lookback=20)
2026-10-05 13:51:00 | INFO | premium_strategy_engine | ✅ Premium Strategy Engine initialized (lookback=20)
2026-10-05 13:51:00 | INFO | premium_strategy_engine | ✅ Premium Strategy Engine initialized (lookback=20)
2026-10-05 13:51:00 | INFO | premium_strategy_engine | ✅ Premium Strategy Engine initialized (lookback=20)
2026-10-05 13:51:00 | INFO | premium_strategy_engine | ✅ Premium Strategy Engine initialized (lookback=20)
2026-10-05 13:51:00 | INFO | premium_strategy_engine | ✅ Premium Strategy Engine initialized (lookback=20)
2026-10-05 13:51:00 | INFO | premium_strategy_engine | ✅ Premium Strategy Engine initialized (lookback=20)
2026-10-05 13:51:00 | ERROR | paper_runtime | Paper monitor failed: OperationalError
2026-10-05 13:51:00 | INFO | premium_strategy_engine | ✅ Premium Strategy Engine initialized (lookback=20)
2026-10-05 13:51:00 | INFO | screener_premium | ✅ [NIFTY] 2/3 band contracts refreshed (2 armed)
2026-10-05 13:51:00 | INFO | screener_premium | ✅ [NIFTY] 1/1 band contracts refreshed (1 armed)
2026-10-05 13:51:00 | INFO | premium_strategy_engine | ✅ Premium Strategy Engine initialized (lookback=20)
2026-10-05 13:51:00 | INFO | premium_strategy_engine | ✅ Premium Strategy Engine initialized (lookback=20)
2026-10-05 13:51:00 | INFO | premium_strategy_engine | 🚀 [NIFTY] CE BREAKOUT (candle) above RED HIGH 110.00 → 115.00
2026-10-05 13:51:00 | INFO | premium_strategy_engine | 🚀 [NIFTY] CE BREAKOUT (candle) above RED HIGH 110.00 → 113.00
2026-10-05 13:51:00 | INFO | screener_premium | 🚀 [index_options] BUY CALL NIFTY NIFTY-Oct2026-24450-CE ATM @ 110.00 (candle_high)
2026-10-05 13:51:00 | INFO | screener_premium | ✅ [NIFTY] 2/3 band contracts refreshed (0 armed)
2026-10-05 13:51:00 | INFO | premium_strategy_engine | 🚀 [NIFTY] CE BREAKOUT (candle) above RED HIGH 110.00 → 115.00
2026-10-05 13:51:00 | INFO | premium_strategy_engine | 🚀 [NIFTY] CE BREAKOUT (candle) above RED HIGH 110.00 → 113.00
2026-10-05 13:51:00 | INFO | screener_premium | ✅ [NIFTY] 2/3 band contracts refreshed (0 armed)
2026-10-05 13:51:00 | INFO | premium_strategy_engine | ✅ Premium Strategy Engine initialized (lookback=20)
2026-10-05 13:51:00 | INFO | screener_premium | ✅ [NIFTY] 1/3 band contracts refreshed (1 armed)
2026-10-05 13:51:00 | INFO | premium_strategy_engine | 🚀 [NIFTY] PE BREAKOUT (live) above RED HIGH 55.00 → 56.00
2026-10-05 13:51:00 | INFO | screener_premium | 🚀 [index_options] BUY PUT NIFTY NIFTY-Oct2026-24450-PE ATM @ 55.00 (live_ltp)
2026-10-05 13:51:00 | WARNING | screener_premium | ⚠️ Alert rejected/skipped for NIFTY PUT
2026-10-05 13:51:00 | INFO | premium_strategy_engine | 🚀 [NIFTY] PE BREAKOUT (live) above RED HIGH 55.00 → 56.00
2026-10-05 13:51:00 | INFO | screener_premium | 🚀 [index_options] BUY PUT NIFTY NIFTY-Oct2026-24450-PE ATM @ 55.00 (live_ltp)
2026-10-05 13:51:00 | INFO | premium_strategy_engine | ✅ Premium Strategy Engine initialized (lookback=20)
2026-10-05 13:51:00 | INFO | screener_premium | ✅ [NIFTY] 1/3 band contracts refreshed (1 armed)
2026-10-05 13:51:00 | INFO | premium_strategy_engine | ✅ Premium Strategy Engine initialized (lookback=20)
2026-10-05 13:51:00 | INFO | screener_premium | ✅ [NIFTY] 1/3 band contracts refreshed (1 armed)
2026-10-05 13:51:00 | INFO | premium_strategy_engine | 🚀 [NIFTY] CE BREAKOUT (live) above RED HIGH 112.00 → 112.40
2026-10-05 13:51:00 | INFO | screener_premium | 🚀 [index_options] BUY CALL NIFTY NIFTY-Oct2026-24450-CE ATM @ 112.00 (live_ltp)
2026-10-05 13:51:00 | INFO | premium_strategy_engine | ✅ Premium Strategy Engine initialized (lookback=20)
2026-10-05 13:51:00 | INFO | screener_premium | ✅ [NIFTY] 1/3 band contracts refreshed (1 armed)
2026-10-05 13:51:00 | INFO | premium_strategy_engine | 🚀 [NIFTY] PE BREAKOUT (live) above RED HIGH 55.00 → 56.00
2026-10-05 13:51:00 | INFO | screener_premium | 🚀 [index_options] BUY PUT NIFTY NIFTY-Oct2026-24450-PE ATM @ 55.00 (live_ltp)
2026-10-05 13:51:00 | INFO | premium_strategy_engine | ✅ Premium Strategy Engine initialized (lookback=20)
2026-10-05 13:51:00 | INFO | premium_strategy_engine | ✅ Premium Strategy Engine initialized (lookback=20)
2026-10-05 13:51:00 | ERROR | security_master | ❌ Security master load failed: OSError: network down
2026-10-05 13:51:00 | INFO | security_master | ✅ Filtered security master for 2026-10-05: kept 4 option contracts in 4 chains + 3 underlyings from 15 rows in 0.0s
2026-10-05 13:51:00 | ERROR | paper_runtime | Paper monitor failed: OperationalError
2026-10-05 13:51:00 | INFO | memory_diagnostics | 🧠 Memory [after security master load]: RSS=81.7 MB
2026-10-05 13:51:00 | INFO | security_master | ✅ Filtered security master for 2026-10-06: kept 5 option contracts in 4 chains + 3 underlyings from 15 rows in 0.0s
2026-10-05 13:51:00 | INFO | memory_diagnostics | 🧠 Memory [after security master load]: RSS=81.7 MB
2026-10-05 13:51:00 | INFO | security_master | ✅ Filtered security master for 2026-10-05: kept 4 option contracts in 4 chains + 3 underlyings from 15 rows in 0.0s
2026-10-05 13:51:00 | INFO | memory_diagnostics | 🧠 Memory [after security master load]: RSS=81.7 MB
2026-10-05 13:51:00 | INFO | memory_diagnostics | 🧠 Memory [after security master release]: RSS=81.7 MB
2026-10-05 13:51:00 | INFO | security_master | ✅ Filtered security master for 2026-10-05: kept 4 option contracts in 4 chains + 3 underlyings from 15 rows in 0.0s
2026-10-05 13:51:00 | INFO | memory_diagnostics | 🧠 Memory [after security master load]: RSS=81.7 MB
2026-10-05 13:51:00 | INFO | security_master | ✅ Filtered security master for 2026-10-01: kept 10 option contracts in 2 chains + 0 underlyings from 10 rows in 0.0s
2026-10-05 13:51:00 | INFO | memory_diagnostics | 🧠 Memory [after security master load]: RSS=81.7 MB
2026-10-05 13:51:00 | INFO | atm_options_fetcher | 🎯 [GOLD] CE band | spot=72140.00 | expiry=27OCT2026 | ATM=72000
2026-10-05 13:51:00 | INFO | atm_options_fetcher | 🎯 [GOLD] PE band | spot=72140.00 | expiry=27OCT2026 | ATM=72000
2026-10-05 13:51:00 | INFO | security_master | ✅ Filtered security master for 2026-10-01: kept 6 option contracts in 2 chains + 0 underlyings from 6 rows in 0.0s
2026-10-05 13:51:00 | INFO | memory_diagnostics | 🧠 Memory [after security master load]: RSS=81.7 MB
2026-10-05 13:51:00 | INFO | security_master | ✅ Filtered security master for 2026-10-01: kept 4 option contracts in 2 chains + 0 underlyings from 4 rows in 0.0s
2026-10-05 13:51:00 | INFO | memory_diagnostics | 🧠 Memory [after security master load]: RSS=81.7 MB
2026-10-05 13:51:00 | INFO | atm_options_fetcher | 🎯 [GOLD] CE band | spot=71900.00 | expiry=27OCT2026 | ATM=72000 OTM+1=72500
2026-10-05 13:51:00 | INFO | security_master | ✅ Filtered security master for 2026-10-01: kept 10 option contracts in 2 chains + 0 underlyings from 10 rows in 0.0s
2026-10-05 13:51:00 | INFO | memory_diagnostics | 🧠 Memory [after security master load]: RSS=81.7 MB
2026-10-05 13:51:00 | INFO | atm_options_fetcher | 🎯 [RELIANCE] CE band | spot=3040.00 | expiry=27OCT2026 | ITM+1=2950 ATM=3000 OTM+1=3100
2026-10-05 13:51:00 | INFO | security_master | ✅ Filtered security master for 2026-10-01: kept 12 option contracts in 2 chains + 1 underlyings from 13 rows in 0.0s
2026-10-05 13:51:00 | INFO | memory_diagnostics | 🧠 Memory [after security master load]: RSS=81.7 MB
2026-10-05 13:51:00 | INFO | atm_options_fetcher | 🎯 [NIFTY] CE band | spot=24460.00 | expiry=27OCT2026 | ITM+1=24400 ATM=24450 OTM+1=24500
2026-10-05 13:51:00 | INFO | atm_options_fetcher | 🎯 [NIFTY] PE band | spot=24460.00 | expiry=27OCT2026 | ITM+1=24500 ATM=24450 OTM+1=24400
2026-10-05 13:51:00 | INFO | security_master | ✅ Filtered security master for 2026-10-01: kept 2 option contracts in 2 chains + 0 underlyings from 4 rows in 0.0s
2026-10-05 13:51:00 | INFO | memory_diagnostics | 🧠 Memory [after security master load]: RSS=81.7 MB
2026-10-05 13:51:00 | INFO | atm_options_fetcher | 🎯 [GOLD] CE band | spot=72000.00 | expiry=27OCT2026 | ATM=72000
2026-10-05 13:51:00 | ERROR | paper_runtime | Paper monitor failed: OperationalError
2026-10-05 13:51:00 | INFO | security_master | ✅ Filtered security master for 2026-10-01: kept 6 option contracts in 2 chains + 0 underlyings from 6 rows in 0.0s
2026-10-05 13:51:00 | INFO | memory_diagnostics | 🧠 Memory [after security master load]: RSS=81.7 MB
2026-10-05 13:51:00 | INFO | atm_options_fetcher | 🎯 [CRUDE OIL] CE band | spot=8849.00 | expiry=27OCT2026 | ATM=8850
2026-10-05 13:51:00 | INFO | security_master | ✅ Filtered security master for 2026-10-27: kept 6 option contracts in 2 chains + 0 underlyings from 12 rows in 0.0s
2026-10-05 13:51:00 | ERROR | paper_runtime | Paper Telegram poll failed: RuntimeError
2026-10-05 13:51:00 | INFO | memory_diagnostics | 🧠 Memory [after security master load]: RSS=81.7 MB
2026-10-05 13:51:00 | INFO | atm_options_fetcher | 🎯 [NIFTY] CE band | spot=24450.00 | expiry=24NOV2026 | ITM+1=24400 ATM=24450 OTM+1=24500
2026-10-05 13:51:00 | INFO | atm_options_fetcher | 🎯 [NIFTY] PE band | spot=24450.00 | expiry=24NOV2026 | ITM+1=24500 ATM=24450 OTM+1=24400
2026-10-05 13:51:00 | ERROR | paper_runtime | Paper monitor failed: OperationalError
2026-10-05 13:51:00 | INFO | security_master | ✅ Filtered security master for 2026-10-26: kept 6 option contracts in 2 chains + 0 underlyings from 12 rows in 0.0s
2026-10-05 13:51:00 | ERROR | paper_runtime | Paper monitor failed: OperationalError
2026-10-05 13:51:00 | INFO | memory_diagnostics | 🧠 Memory [after security master load]: RSS=81.7 MB
2026-10-05 13:51:00 | INFO | atm_options_fetcher | 🎯 [NIFTY] CE band | spot=24450.00 | expiry=27OCT2026 | ITM+1=24400 ATM=24450 OTM+1=24500
2026-10-05 13:51:00 | INFO | security_master | ✅ Filtered security master for 2026-10-27: kept 2 option contracts in 2 chains + 0 underlyings from 4 rows in 0.0s
2026-10-05 13:51:00 | INFO | memory_diagnostics | 🧠 Memory [after security master load]: RSS=81.7 MB
2026-10-05 13:51:00 | INFO | atm_options_fetcher | 🎯 [GOLD] CE band | spot=72000.00 | expiry=24NOV2026 | ATM=72000
2026-10-05 13:51:00 | INFO | security_master | ✅ Filtered security master for 2026-10-01: kept 2 option contracts in 2 chains + 0 underlyings from 6 rows in 0.0s
2026-10-05 13:51:00 | INFO | memory_diagnostics | 🧠 Memory [after security master load]: RSS=81.7 MB
2026-10-05 13:51:00 | INFO | atm_options_fetcher | 🎯 [GOLD] CE band | spot=72000.00 | expiry=27OCT2026 | ATM=72000
2026-10-05 13:51:00 | ERROR | paper_runtime | Paper monitor failed: OperationalError
2026-10-05 13:51:00 | INFO | security_master | ✅ Filtered security master for 2026-10-01: kept 6 option contracts in 2 chains + 0 underlyings from 6 rows in 0.0s
2026-10-05 13:51:00 | INFO | memory_diagnostics | 🧠 Memory [after security master load]: RSS=81.7 MB
2026-10-05 13:51:00 | INFO | atm_options_fetcher | 🎯 [SENSEX] PE band | spot=81234.00 | expiry=27OCT2026 | ATM=81200
2026-10-05 13:51:00 | INFO | security_master | ✅ Filtered security master for 2026-10-01: kept 2 option contracts in 2 chains + 0 underlyings from 2 rows in 0.0s
2026-10-05 13:51:00 | INFO | memory_diagnostics | 🧠 Memory [after security master load]: RSS=81.7 MB
2026-10-05 13:51:00 | WARNING | atm_options_fetcher | [PLATINUM] Not part of the configured option universe
2026-10-05 13:51:00 | INFO | dhan_telegram_bridge | ✅ DhanHQ Telegram Bridge initialized
2026-10-05 13:51:00 | INFO | dhan_telegram_bridge |    Alert Chat ID: 12345
2026-10-05 13:51:00 | INFO | dhan_telegram_bridge | ✅ Parsed signal: BUY NIFTY50
2026-10-05 13:51:00 | INFO | dhan_telegram_bridge | ✅ DhanHQ Telegram Bridge initialized
2026-10-05 13:51:00 | INFO | dhan_telegram_bridge |    Alert Chat ID: 12345
2026-10-05 13:51:00 | INFO | dhan_telegram_bridge | ✅ DhanHQ Telegram Bridge initialized
2026-10-05 13:51:00 | INFO | dhan_telegram_bridge |    Alert Chat ID: 12345
2026-10-05 13:51:00 | ERROR | dhan_telegram_bridge | ❌ Signal parse error: invalid literal for int() with base 10: 'X'
2026-10-05 13:51:01 | INFO | dhan_telegram_bridge | ✅ DhanHQ Telegram Bridge initialized
2026-10-05 13:51:01 | INFO | dhan_telegram_bridge |    Alert Chat ID: 12345
2026-10-05 13:51:01 | INFO | dhan_telegram_bridge | ✅ DhanHQ Telegram Bridge initialized
2026-10-05 13:51:01 | INFO | dhan_telegram_bridge |    Alert Chat ID: 12345
2026-10-05 13:51:01 | INFO | dhan_telegram_bridge | ✅ Parsed signal: BUY NIFTY50
2026-10-05 13:51:01 | ERROR | paper_runtime | Paper monitor failed: OperationalError
2026-10-05 13:51:01 | INFO | dhan_telegram_bridge | ✅ DhanHQ Telegram Bridge initialized
2026-10-05 13:51:01 | INFO | dhan_telegram_bridge |    Alert Chat ID: 12345
2026-10-05 13:51:01 | INFO | dhan_telegram_bridge | ✅ Parsed signal: SELL BANKNIFTY
2026-10-05 13:51:01 | INFO | dhan_telegram_bridge | ✅ DhanHQ Telegram Bridge initialized
2026-10-05 13:51:01 | INFO | dhan_telegram_bridge |    Alert Chat ID: 12345
2026-10-05 13:51:01 | INFO | dhan_telegram_bridge | ✅ Parsed signal: BUY NIFTY50
2026-10-05 13:51:01 | ERROR | dhan_telegram_bridge | ❌ Signal handler error: order api down
2026-10-05 13:51:01 | INFO | dhan_telegram_bridge | ✅ DhanHQ Telegram Bridge initialized
2026-10-05 13:51:01 | INFO | dhan_telegram_bridge |    Alert Chat ID: 12345
2026-10-05 13:51:01 | ERROR | paper_runtime | Paper monitor failed: OperationalError
2026-10-05 13:51:01 | ERROR | paper_runtime | Paper monitor failed: OperationalError
2026-10-05 13:51:01 | INFO | dhan_telegram_bridge | ✅ DhanHQ Telegram Bridge initialized
2026-10-05 13:51:01 | INFO | dhan_telegram_bridge |    Alert Chat ID: 12345
2026-10-05 13:51:01 | ERROR | paper_runtime | Paper monitor failed: OperationalError
2026-10-05 13:51:01 | INFO | dhan_telegram_bridge | ✅ DhanHQ Telegram Bridge initialized
2026-10-05 13:51:01 | INFO | dhan_telegram_bridge |    Alert Chat ID: 12345
2026-10-05 13:51:01 | INFO | dhan_telegram_bridge | ✅ Target hit alert sent for NIFTY50
2026-10-05 13:51:01 | INFO | dhan_telegram_bridge | ✅ DhanHQ Telegram Bridge initialized
2026-10-05 13:51:01 | INFO | dhan_telegram_bridge |    Alert Chat ID: 12345
2026-10-05 13:51:01 | WARNING | dhan_telegram_bridge | Alert send failed (attempt 1/3): telegram down
2026-10-05 13:51:01 | ERROR | paper_runtime | Paper monitor failed: OperationalError
2026-10-05 13:51:01 | ERROR | paper_runtime | Paper Telegram poll failed: RuntimeError
2026-10-05 13:51:01 | ERROR | paper_runtime | Paper monitor failed: OperationalError
2026-10-05 13:51:01 | ERROR | paper_runtime | Paper monitor failed: OperationalError
2026-10-05 13:51:01 | ERROR | paper_runtime | Paper monitor failed: OperationalError
